// Jest Snapshot v1, https://goo.gl/fbAQLP

exports[`should not accept non-strings 1`] = `
[
  {
    "code": "invalid_type",
    "expected": "string",
    "message": "Expected a string, received null",
    "path": [],
    "received": "null",
  },
]
`;

exports[`should not accept other strings 1`] = `
[
  {
    "code": "invalid_email",
    "message": "Expected the string to be a valid email address",
    "path": [],
  },
]
`;
