// Jest Snapshot v1, https://goo.gl/fbAQLP

exports[`enum should reject other values 1`] = `
[
  {
    "code": "invalid_enum",
    "members": [
      1,
      2,
    ],
    "path": "",
  },
]
`;
