// Jest Snapshot v1, https://goo.gl/fbAQLP

exports[`negativeInteger should not accept 0 1`] = `
[
  {
    "code": "too_large",
    "max": -1,
    "path": [],
  },
]
`;

exports[`negativeInteger should not accept NaN 1`] = `
[
  {
    "code": "invalid_integer",
    "path": [],
  },
]
`;

exports[`negativeInteger should not accept non-integers 1`] = `
[
  {
    "code": "invalid_integer",
    "path": [],
  },
]
`;

exports[`negativeInteger should not accept non-integers 2`] = `
[
  {
    "code": "invalid_integer",
    "path": [],
  },
]
`;

exports[`negativeInteger should not accept positive integers 1`] = `
[
  {
    "code": "too_large",
    "max": -1,
    "path": [],
  },
]
`;

exports[`negativeInteger should not accept positive integers 2`] = `
[
  {
    "code": "too_large",
    "max": -1,
    "path": [],
  },
]
`;

exports[`negativeInteger should not accept positive integers 3`] = `
[
  {
    "code": "too_large",
    "max": -1,
    "path": [],
  },
]
`;
