// Jest Snapshot v1, https://goo.gl/fbAQLP

exports[`nullable should fail to parse other values 1`] = `
[
  {
    "code": "invalid_type",
    "expected": "string",
    "path": [],
    "received": "number",
  },
]
`;
