// Jest Snapshot v1, https://goo.gl/fbAQLP

exports[`should not parse non-strings 1`] = `
[
  {
    "code": "invalid_type",
    "expected": "string",
    "path": [],
    "received": "null",
  },
]
`;

exports[`should not parse other strings 1`] = `
[
  {
    "code": "invalid_uuid",
    "path": [],
  },
]
`;
