// Vitest Snapshot v1, https://vitest.dev/guide/snapshot.html

exports[`should fail to parse other values 1`] = `
[
  {
    "code": "invalid_type",
    "expected": "bigint",
    "message": "Expected a bigint, received a number",
    "path": [],
    "received": "number",
  },
]
`;
