// Vitest Snapshot v1, https://vitest.dev/guide/snapshot.html

exports[`should not accept non-strings 1`] = `
[
  {
    "code": "invalid_type",
    "expected": "string",
    "message": "Expected a string, received null",
    "path": [],
    "received": "null",
  },
]
`;

exports[`should not accept other strings 1`] = `
[
  {
    "code": "invalid_format",
    "format": "email",
    "message": "Invalid email",
    "path": [],
  },
]
`;
