// Vitest Snapshot v1, https://vitest.dev/guide/snapshot.html

exports[`should fail to parse if value is greater than the minimum 1`] = `
[
  {
    "code": "too_large",
    "max": 0,
    "message": "Expected the number to be less than or equal to 0",
    "path": [],
    "type": "number",
  },
]
`;

exports[`should fail to parse if value isn't parsed by the underlying codec 1`] = `
[
  {
    "code": "invalid_type",
    "expected": "number",
    "message": "Expected a number, received a string",
    "path": [],
    "received": "string",
  },
]
`;
