// Vitest Snapshot v1, https://vitest.dev/guide/snapshot.html

exports[`should not accept 0 1`] = `
[
  {
    "code": "too_large",
    "max": -1,
    "message": "Expected the number to be less than or equal to -1",
    "path": [],
    "type": "number",
  },
]
`;

exports[`should not accept NaN 1`] = `
[
  {
    "code": "is_nan",
    "message": "Expected a number, received NaN",
    "path": [],
  },
]
`;

exports[`should not accept non-integers 1`] = `
[
  {
    "code": "invalid_integer",
    "message": "Expected the number to be an integer",
    "path": [],
  },
]
`;

exports[`should not accept non-integers 2`] = `
[
  {
    "code": "invalid_integer",
    "message": "Expected the number to be an integer",
    "path": [],
  },
]
`;

exports[`should not accept positive integers 1`] = `
[
  {
    "code": "too_large",
    "max": -1,
    "message": "Expected the number to be less than or equal to -1",
    "path": [],
    "type": "number",
  },
]
`;

exports[`should not accept positive integers 2`] = `
[
  {
    "code": "too_large",
    "max": -1,
    "message": "Expected the number to be less than or equal to -1",
    "path": [],
    "type": "number",
  },
]
`;

exports[`should not accept positive integers 3`] = `
[
  {
    "code": "too_large",
    "max": -1,
    "message": "Expected the number to be less than or equal to -1",
    "path": [],
    "type": "number",
  },
]
`;
