// Vitest Snapshot v1, https://vitest.dev/guide/snapshot.html

exports[`should not accept NaN 1`] = `
[
  {
    "code": "is_nan",
    "message": "Expected a number, received NaN",
    "path": [],
  },
]
`;

exports[`should not accept negative integers 1`] = `
[
  {
    "code": "too_small",
    "message": "Expected the number to be greater than or equal to 0",
    "min": 0,
    "path": [],
    "type": "number",
  },
]
`;

exports[`should not accept negative integers 2`] = `
[
  {
    "code": "too_small",
    "message": "Expected the number to be greater than or equal to 0",
    "min": 0,
    "path": [],
    "type": "number",
  },
]
`;

exports[`should not accept negative integers 3`] = `
[
  {
    "code": "too_small",
    "message": "Expected the number to be greater than or equal to 0",
    "min": 0,
    "path": [],
    "type": "number",
  },
]
`;

exports[`should not accept non-integers 1`] = `
[
  {
    "code": "invalid_integer",
    "message": "Expected the number to be an integer",
    "path": [],
  },
]
`;

exports[`should not accept non-integers 2`] = `
[
  {
    "code": "invalid_integer",
    "message": "Expected the number to be an integer",
    "path": [],
  },
]
`;
