// Vitest Snapshot v1, https://vitest.dev/guide/snapshot.html

exports[`should reject non-strings 1`] = `
[
  {
    "code": "invalid_type",
    "expected": "string",
    "message": "Expected a string, received null",
    "path": [],
    "received": "null",
  },
]
`;

exports[`should reject strings not matching the pattern 1`] = `
[
  {
    "code": "invalid_pattern",
    "message": "Expected the string to match the pattern /^\\s*$/",
    "path": [],
    "pattern": "/^\\s*$/",
  },
]
`;
