// Vitest Snapshot v1, https://vitest.dev/guide/snapshot.html

exports[`should fail to parse if the predicate returns false 1`] = `
[
  {
    "code": "custom",
    "message": "hmm?",
    "params": {},
    "path": [],
  },
]
`;

exports[`should fail to parse if the underlying codec fails to parse the value 1`] = `
[
  {
    "code": "invalid_type",
    "expected": "string",
    "message": "Expected a string, received a number",
    "path": [],
    "received": "number",
  },
]
`;
