// Vitest Snapshot v1, https://vitest.dev/guide/snapshot.html

exports[`should not parse non-strings 1`] = `
[
  {
    "code": "invalid_type",
    "expected": "string",
    "message": "Expected a string, received null",
    "path": [],
    "received": "null",
  },
]
`;

exports[`should not parse other strings 1`] = `
[
  {
    "code": "invalid_uuid",
    "message": "Expected the string to be an UUID",
    "path": [],
  },
]
`;
